[sindevo.com/codec/codec-blue/index.html]
[sindevo.com/codec/codec-blue/images/apple-touch-icon.png]
[sindevo.com/codec/codec-blue/images/apple-touch-startup-image-640x1096.png]
[backblue.gif]
[fade.gif]
[index.html]
[sindevo.com/codec/codec-blue/style.css]
[sindevo.com/codec/codec-blue/css/framework7.css]
[sindevo.com/codec/codec-blue/css/blue.css]
[sindevo.com/codec/codec-blue/css/swipebox.css]
[sindevo.com/codec/codec-blue/css/animations.css]
[sindevo.com/codec/codec-blue/images/icons/white/menu_close.png]
[sindevo.com/codec/codec-blue/shop-item.html]
[sindevo.com/codec/codec-blue/images/shop_thumb1.jpg]
[sindevo.com/codec/codec-blue/images/icons/blue/trash.png]
[sindevo.com/codec/codec-blue/images/shop_thumb2.jpg]
[sindevo.com/codec/codec-blue/images/shop_thumb3.jpg]
[sindevo.com/codec/codec-blue/checkout.html]
[sindevo.com/codec/codec-blue/images/profile.jpg]
[sindevo.com/codec/codec-blue/images/avatar.jpg]
[sindevo.com/codec/codec-blue/features.html]
[sindevo.com/codec/codec-blue/images/icons/blue/users.png]
[sindevo.com/codec/codec-blue/images/icons/blue/briefcase.png]
[sindevo.com/codec/codec-blue/images/icons/blue/orders.png]
[sindevo.com/codec/codec-blue/images/icons/blue/favorites.png]
[sindevo.com/codec/codec-blue/images/icons/blue/twitter.png]
[sindevo.com/codec/codec-blue/images/icons/blue/message.png]
[sindevo.com/codec/codec-blue/index-2.html]
[sindevo.com/codec/codec-blue/images/icons/blue/logout.png]
[sindevo.com/codec/codec-blue/images/icons/blue/user.png]
[sindevo.com/codec/codec-blue/images/icons/blue/settings.png]
[sindevo.com/codec/codec-blue/shop.html]
[sindevo.com/codec/codec-blue/images/icons/blue/shop.png]
[sindevo.com/codec/codec-blue/images/icons/blue/cart.png]
[sindevo.com/codec/codec-blue/blog.html]
[sindevo.com/codec/codec-blue/images/icons/blue/blog.png]
[sindevo.com/codec/codec-blue/photos.html]
[sindevo.com/codec/codec-blue/images/icons/blue/photos.png]
[sindevo.com/codec/codec-blue/images/icons/blue/phone.png]
[sindevo.com/codec/codec-blue/contact.html]
[sindevo.com/codec/codec-blue/images/icons/blue/contact.png]
[sindevo.com/codec/codec-blue/images/icons/blue/lock.png]
[sindevo.com/codec/codec-blue/images/icons/blue/facebook.png]
[sindevo.com/codec/codec-blue/images/icons/blue/gplus.png]
[sindevo.com/codec/codec-blue/images/icons/blue/dribbble.png]
[sindevo.com/codec/codec-blue/images/icons/blue/linkedin.png]
[sindevo.com/codec/codec-blue/images/icons/blue/pinterest.png]
[sindevo.com/codec/codec-blue/shop-page2.html]
[sindevo.com/codec/codec-blue/images/icons/blue/bike.png]
[sindevo.com/codec/codec-blue/images/icons/blue/car.png]
[sindevo.com/codec/codec-blue/images/icons/blue/rocket.png]
[sindevo.com/codec/codec-blue/images/icons/blue/food.png]
[sindevo.com/codec/codec-blue/images/icons/blue/drink.png]
[sindevo.com/codec/codec-blue/images/icons/blue/bus.png]
[sindevo.com/codec/codec-blue/images/icons/blue/electronics.png]
[sindevo.com/codec/codec-blue/js/jquery-1.10.1.min.js]
[sindevo.com/codec/codec-blue/js/jquery.validate.min.js]
[sindevo.com/codec/codec-blue/js/my-app.js]
[sindevo.com/codec/codec-blue/js/email.js]
[sindevo.com/codec/codec-blue/js/jquery.swipebox.js]
[sindevo.com/codec/codec-blue/js/classie.js]
[sindevo.com/codec/codec-blue/index.html]
[sindevo.com/codec/codec-blue/img/i-f7.png]
[sindevo.com/codec/codec-blue/js/selectFx.js]
[sindevo.com/codec/codec-blue/img/i-form-name.png]
[sindevo.com/codec/codec-blue/img/i-form-password.png]
[sindevo.com/codec/codec-blue/js/jquery-ui.min.js]
[sindevo.com/codec/codec-blue/img/i-form-email.png]
[sindevo.com/codec/codec-blue/img/i-form-calendar.png]
[sindevo.com/codec/codec-blue/img/i-form-tel.png]
[sindevo.com/codec/codec-blue/img/i-form-gender.png]
[sindevo.com/codec/codec-blue/img/i-form-toggle.png]
[sindevo.com/codec/codec-blue/img/i-form-comment.png]
[sindevo.com/codec/codec-blue/js/framework7.js]
[sindevo.com/codec/codec-blue/img/i-form-settings.png]
[sindevo.com/codec/codec-blue/img/i-form-url.png]
[sindevo.com/codec/codec-blue/images/prev.png]
[sindevo.com/codec/codec-blue/images/next.png]
[sindevo.com/codec/codec-blue/css/framework7.css]
[sindevo.com/codec/codec-blue/css/reset.css]
[sindevo.com/codec/codec-blue/images/trans_black_gradient.png]
[sindevo.com/codec/codec-blue/images/bullet.png]
[sindevo.com/codec/codec-blue/images/checked.png]
[sindevo.com/codec/codec-blue/images/switch_13.png]
[sindevo.com/codec/codec-blue/images/switch_12.png]
[sindevo.com/codec/codec-blue/images/switch_11.png]
[sindevo.com/codec/codec-blue/images/select_bullet.png]
[sindevo.com/codec/codec-blue/images/dropdown.png]
[sindevo.com/codec/codec-blue/images/select_bullet_active.png]
[sindevo.com/codec/codec-blue/style.css]
[sindevo.com/codec/codec-blue/images/bg.jpg]
[sindevo.com/codec/codec-blue/css/blue.css]
[sindevo.com/codec/codec-blue/css/img/loader.gif]
[sindevo.com/codec/codec-blue/css/img/icons.png]
[sindevo.com/codec/codec-blue/css/swipebox.css]
[sindevo.com/codec/codec-blue/css/animations.css]
[sindevo.com/codec/codec-blue/images/icons/blue/menu.png]
[sindevo.com/codec/codec-blue/images/photos/photo1.jpg]
[sindevo.com/codec/codec-blue/images/icons/blue/love.png]
[sindevo.com/codec/codec-blue/shop-item.html]
[sindevo.com/codec/codec-blue/images/icons/blue/mobile.png]
[sindevo.com/codec/codec-blue/images/icons/blue/map.png]
[sindevo.com/codec/codec-blue/checkout.html]
[sindevo.com/codec/codec-blue/success.html]
[sindevo.com/codec/codec-blue/images/icons/white/favorites.png]
[sindevo.com/codec/codec-blue/images/icons/black/plus.png]
[sindevo.com/codec/codec-blue/images/icons/blue/plus.png]
[sindevo.com/codec/codec-blue/images/icons/blue/tabs.png]
[sindevo.com/codec/codec-blue/tabs.html]
[sindevo.com/codec/codec-blue/images/icons/blue/toggle.png]
[sindevo.com/codec/codec-blue/toggle.html]
[sindevo.com/codec/codec-blue/images/icons/blue/tables.png]
[sindevo.com/codec/codec-blue/tables.html]
[sindevo.com/codec/codec-blue/images/icons/blue/slider.png]
[sindevo.com/codec/codec-blue/slider.html]
[sindevo.com/codec/codec-blue/images/icons/blue/form.png]
[sindevo.com/codec/codec-blue/form.html]
[sindevo.com/codec/codec-blue/images/icons/blue/video.png]
[sindevo.com/codec/codec-blue/videos.html]
[sindevo.com/codec/codec-blue/features.html]
[sindevo.com/codec/codec-blue/index-2.html]
[sindevo.com/codec/codec-blue/page.html]
[sindevo.com/codec/codec-blue/images/shop_thumb4.jpg]
[sindevo.com/codec/codec-blue/images/shop_thumb5.jpg]
[sindevo.com/codec/codec-blue/shop.html]
[sindevo.com/codec/codec-blue/blog-single.html]
[sindevo.com/codec/codec-blue/images/load_posts.png]
[sindevo.com/codec/codec-blue/images/load_posts_disabled.png]
[sindevo.com/codec/codec-blue/blog.html]
[sindevo.com/codec/codec-blue/images/switch_13_active.png]
[sindevo.com/codec/codec-blue/images/photos/photo2.jpg]
[sindevo.com/codec/codec-blue/images/photos/photo3.jpg]
[sindevo.com/codec/codec-blue/images/photos/photo4.jpg]
[sindevo.com/codec/codec-blue/images/photos/photo5.jpg]
[sindevo.com/codec/codec-blue/images/photos/photo6.jpg]
[sindevo.com/codec/codec-blue/images/photos/photo7.jpg]
[sindevo.com/codec/codec-blue/images/photos/photo8.jpg]
[sindevo.com/codec/codec-blue/images/photos/photo9.jpg]
[sindevo.com/codec/codec-blue/images/photos/photo10.jpg]
[sindevo.com/codec/codec-blue/images/photos/photo11.jpg]
[sindevo.com/codec/codec-blue/images/photos/photo12.jpg]
[sindevo.com/codec/codec-blue/images/photos/photo13.jpg]
[sindevo.com/codec/codec-blue/images/photos/photo14.jpg]
[sindevo.com/codec/codec-blue/images/photos/photo15.jpg]
[sindevo.com/codec/codec-blue/photos.html]
[sindevo.com/codec/codec-blue/images/loader.gif]
[sindevo.com/codec/codec-blue/contact.html]
[sindevo.com/codec/codec-blue/shop-page2.html]
[sindevo.com/codec/codec-blue/img/i-f7.html]
[sindevo.com/codec/codec-blue/img/i-form-name.html]
[sindevo.com/codec/codec-blue/img/i-form-password.html]
[sindevo.com/codec/codec-blue/img/i-form-email.html]
[sindevo.com/codec/codec-blue/img/i-form-calendar.html]
[sindevo.com/codec/codec-blue/img/i-form-tel.html]
[sindevo.com/codec/codec-blue/img/i-form-gender.html]
[sindevo.com/codec/codec-blue/img/i-form-toggle.html]
[sindevo.com/codec/codec-blue/img/i-form-comment.html]
[sindevo.com/codec/codec-blue/img/i-form-settings.html]
[sindevo.com/codec/codec-blue/img/i-form-url.html]
[sindevo.com/codec/codec-blue/css/reset.css]
[sindevo.com/codec/codec-blue/success.html]
[sindevo.com/codec/codec-blue/tabs.html]
[sindevo.com/codec/codec-blue/toggle.html]
[sindevo.com/codec/codec-blue/tables.html]
[sindevo.com/codec/codec-blue/images/page_photo.jpg]
[sindevo.com/codec/codec-blue/images/page_photo2.jpg]
[sindevo.com/codec/codec-blue/images/page_photo3.jpg]
[sindevo.com/codec/codec-blue/images/page_photo4.jpg]
[sindevo.com/codec/codec-blue/slider.html]
[sindevo.com/codec/codec-blue/form.html]
[sindevo.com/codec/codec-blue/videos.html]
[sindevo.com/codec/codec-blue/toogle.html]
[sindevo.com/codec/codec-blue/page.html]
[sindevo.com/codec/codec-blue/images/icons/blue/back.png]
[sindevo.com/codec/codec-blue/blog-single.html]
[sindevo.com/codec/codec-blue/toogle.html]
